// Jest Snapshot v1, https://goo.gl/fbAQLP

exports[`Card renders correctly 1`] = `
<DocumentFragment>
  <div
    class="card active"
    role="button"
    tabindex="0"
  >
    <h3>
      Title
    </h3>
    <p>
      hello
    </p>
  </div>
</DocumentFragment>
`;
